// Jest Snapshot v1, https://goo.gl/fbAQLP

exports[`<Joke /> renders correctly 1`] = `
<div
  className="joke"
  onClick={[Function]}
  style={
    Object {
      "WebkitTapHighlightColor": "rgba(0,0,0,0)",
      "backgroundColor": "#ffffff",
      "borderRadius": 2,
      "boxShadow": "0 1px 6px rgba(0, 0, 0, 0.12),
             0 1px 4px rgba(0, 0, 0, 0.12)",
      "boxSizing": "border-box",
      "color": "rgba(0, 0, 0, 0.87)",
      "fontFamily": "Roboto, sans-serif",
      "muiPrepared": true,
      "transition": "all 450ms cubic-bezier(0.23, 1, 0.32, 1) 0ms",
      "zIndex": 1,
    }
  }
>
  <div
    style={
      Object {
        "paddingBottom": 8,
      }
    }
  >
    <div
      style={
        Object {
          "boxSizing": "border-box",
          "fontWeight": 500,
          "muiPrepared": true,
          "padding": 16,
          "position": "relative",
          "whiteSpace": "nowrap",
        }
      }
    >
      <div
        style={
          Object {
            "display": "inline-block",
            "muiPrepared": true,
            "paddingRight": "90px",
            "verticalAlign": "top",
            "whiteSpace": "normal",
          }
        }
      >
        <span
          style={
            Object {
              "color": "rgba(0, 0, 0, 0.87)",
              "display": "block",
              "fontSize": 15,
              "muiPrepared": true,
            }
          }
        >
          Juck Norris
        </span>
        <span
          style={
            Object {
              "color": "rgba(0, 0, 0, 0.54)",
              "display": "block",
              "fontSize": 14,
              "muiPrepared": true,
            }
          }
        >
          Dev
        </span>
      </div>
      <div
        className="posted-at"
      >
        <br />
        <span>
          Times Repeated: 
        </span>
      </div>
    </div>
    <div
      className="joke-text-wrapper"
      style={
        Object {
          "color": "rgba(0, 0, 0, 0.87)",
          "fontSize": 14,
          "muiPrepared": true,
          "padding": 16,
        }
      }
    >
      <svg
        className="quote-icon"
        fill="currentColor"
        height="1em"
        preserveAspectRatio="xMidYMid meet"
        style={
          Object {
            "color": undefined,
            "verticalAlign": "middle",
          }
        }
        viewBox="0 0 40 40"
        width="1em"
      >
        <g>
          <path
            d="m23.4 28.4l3.2-6.8h-5v-10h10v10l-3.2 6.8h-5z m-13.4 0l3.4-6.8h-5v-10h10v10l-3.4 6.8h-5z"
          />
        </g>
      </svg>
      <div
        className="joke-text"
      />
    </div>
  </div>
</div>
`;
